convex/auth.ts(15,21): error TS2591: Cannot find name 'process'. Do you need to install type definitions for node? Try `npm i --save-dev @types/node` and then add 'node' to the types field in your tsconfig.
convex/auth.ts(16,21): error TS2591: Cannot find name 'process'. Do you need to install type definitions for node? Try `npm i --save-dev @types/node` and then add 'node' to the types field in your tsconfig.
convex/auth.ts(17,22): error TS2591: Cannot find name 'process'. Do you need to install type definitions for node? Try `npm i --save-dev @types/node` and then add 'node' to the types field in your tsconfig.
convex/auth.ts(87,14): error TS2591: Cannot find name 'process'. Do you need to install type definitions for node? Try `npm i --save-dev @types/node` and then add 'node' to the types field in your tsconfig.
convex/auth.ts(88,22): error TS2591: Cannot find name 'process'. Do you need to install type definitions for node? Try `npm i --save-dev @types/node` and then add 'node' to the types field in your tsconfig.
convex/auth.ts(96,28): error TS2591: Cannot find name 'process'. Do you need to install type definitions for node? Try `npm i --save-dev @types/node` and then add 'node' to the types field in your tsconfig.
convex/auth.ts(109,28): error TS2591: Cannot find name 'process'. Do you need to install type definitions for node? Try `npm i --save-dev @types/node` and then add 'node' to the types field in your tsconfig.
convex/auth.ts(121,19): error TS2591: Cannot find name 'process'. Do you need to install type definitions for node? Try `npm i --save-dev @types/node` and then add 'node' to the types field in your tsconfig.
convex/auth.ts(122,23): error TS2591: Cannot find name 'process'. Do you need to install type definitions for node? Try `npm i --save-dev @types/node` and then add 'node' to the types field in your tsconfig.
convex/bookmarks.ts(3,1): error TS6192: All imports in import declaration are unused.
convex/bookmarks.ts(3,10): error TS1484: 'Doc' is a type and must be imported using a type-only import when 'verbatimModuleSyntax' is enabled.
convex/bookmarks.ts(3,15): error TS1484: 'Id' is a type and must be imported using a type-only import when 'verbatimModuleSyntax' is enabled.
convex/dashboard.ts(1,1): error TS6133: 'v' is declared but its value is never read.
convex/dashboard.ts(57,11): error TS7034: Variable 'months' implicitly has type 'any[]' in some locations where its type cannot be determined.
convex/dashboard.ts(71,17): error TS7005: Variable 'months' implicitly has an 'any[]' type.
convex/inquiries.ts(3,10): error TS1484: 'Doc' is a type and must be imported using a type-only import when 'verbatimModuleSyntax' is enabled.
convex/inquiries.ts(3,15): error TS1484: 'Id' is a type and must be imported using a type-only import when 'verbatimModuleSyntax' is enabled.
convex/inquiries.ts(3,15): error TS6133: 'Id' is declared but its value is never read.
convex/inquiries.ts(281,15): error TS6133: 'unread' is declared but its value is never read.
convex/inquiries.ts(318,23): error TS18047: 'peer' is possibly 'null'.
convex/inquiries.ts(319,24): error TS18047: 'peer' is possibly 'null'.
src/components/layout/MainLayout.tsx(1,1): error TS6133: 'React' is declared but its value is never read.
src/components/layout/MainLayout.tsx(18,45): error TS18047: 'inq' is possibly 'null'.
src/components/layout/OwnerLayout.tsx(1,8): error TS6133: 'React' is declared but its value is never read.
src/components/layout/OwnerLayout.tsx(17,45): error TS18047: 'inq' is possibly 'null'.
src/components/ui/map.tsx(1114,14): error TS2339: Property 'setData' does not exist on type 'Source'.
src/components/ui/map.tsx(1319,14): error TS2339: Property 'setData' does not exist on type 'Source'.
src/components/ui/map.tsx(1398,35): error TS2339: Property 'getClusterExpansionZoom' does not exist on type 'Source'.
src/components/ui/scroll-area.tsx(3,1): error TS6133: 'React' is declared but its value is never read.
src/features/bookmarks/Bookmarks.tsx(1,8): error TS6133: 'React' is declared but its value is never read.
src/features/inquiries/Inquiries.tsx(1,8): error TS6133: 'React' is declared but its value is never read.
src/features/inquiries/Inquiries.tsx(14,9): error TS6133: '_currentUser' is declared but its value is never read.
src/features/inquiries/Inquiries.tsx(109,55): error TS18047: 'c' is possibly 'null'.
src/features/owner/inquiries/OwnerInquiries.tsx(1,8): error TS6133: 'React' is declared but its value is never read.
src/features/owner/inquiries/OwnerInquiries.tsx(13,9): error TS6133: '_currentUser' is declared but its value is never read.
src/features/owner/inquiries/OwnerInquiries.tsx(45,29): error TS2531: Object is possibly 'null'.
src/features/owner/inquiries/OwnerInquiries.tsx(54,5): error TS18047: 'i' is possibly 'null'.
src/features/owner/inquiries/OwnerInquiries.tsx(55,5): error TS18047: 'i' is possibly 'null'.
src/features/owner/inquiries/OwnerInquiries.tsx(58,44): error TS18047: 'i' is possibly 'null'.
src/features/owner/inquiries/OwnerInquiries.tsx(118,43): error TS18047: 'inq' is possibly 'null'.
src/features/owner/inquiries/OwnerInquiries.tsx(122,22): error TS18047: 'inq' is possibly 'null'.
src/features/owner/inquiries/OwnerInquiries.tsx(123,56): error TS18047: 'inq' is possibly 'null'.
src/features/owner/inquiries/OwnerInquiries.tsx(141,22): error TS18047: 'inq' is possibly 'null'.
src/features/owner/inquiries/OwnerInquiries.tsx(142,35): error TS18047: 'inq' is possibly 'null'.
src/features/owner/inquiries/OwnerInquiries.tsx(142,56): error TS18047: 'inq' is possibly 'null'.
src/features/owner/inquiries/OwnerInquiries.tsx(145,29): error TS18047: 'inq' is possibly 'null'.
src/features/owner/inquiries/OwnerInquiries.tsx(148,22): error TS18047: 'inq' is possibly 'null'.
src/features/owner/inquiries/OwnerInquiries.tsx(155,63): error TS18047: 'inq' is possibly 'null'.
src/features/owner/inquiries/OwnerInquiries.tsx(155,116): error TS18047: 'inq' is possibly 'null'.
src/features/owner/inquiries/OwnerInquiries.tsx(157,35): error TS18047: 'inq' is possibly 'null'.
src/features/owner/inquiries/OwnerInquiries.tsx(161,67): error TS18047: 'inq' is possibly 'null'.
src/features/owner/inquiries/OwnerInquiries.tsx(163,55): error TS18047: 'inq' is possibly 'null'.
src/features/owner/inquiries/OwnerInquiries.tsx(164,24): error TS18047: 'inq' is possibly 'null'.
src/features/owner/owner-dashboard/OwnerDashboard.tsx(1,1): error TS6133: 'React' is declared but its value is never read.
src/features/owner/properties/EditProperty.tsx(376,17): error TS2345: Argument of type '{ url: string | null; storageId: string; }[]' is not assignable to parameter of type 'SetStateAction<ImageItem[]>'.
  Type '{ url: string | null; storageId: string; }[]' is not assignable to type 'ImageItem[]'.
    Type '{ url: string | null; storageId: string; }' is not assignable to type 'ImageItem'.
      Types of property 'url' are incompatible.
        Type 'string | null' is not assignable to type 'string'.
          Type 'null' is not assignable to type 'string'.
src/features/owner/properties/EditProperty.tsx(472,28): error TS2345: Argument of type '{ id: Id<"properties">; name: string; description: string; contact: { phone: string; email: string; }; location: { address: string; lat: number; lng: number; }; amenities: string[]; rules: string; images: string[]; rooms: any[]; }' is not assignable to parameter of type '{ visitingSchedule?: string | undefined; id: Id<"properties">; name: string; description: string; contact: { phone: string; email: string; }; location: { address: string; lat: number; lng: number; }; ... 4 more ...; rooms: { ...; }[]; }'.
  Property 'genderRestriction' is missing in type '{ id: Id<"properties">; name: string; description: string; contact: { phone: string; email: string; }; location: { address: string; lat: number; lng: number; }; amenities: string[]; rules: string; images: string[]; rooms: any[]; }' but required in type '{ visitingSchedule?: string | undefined; id: Id<"properties">; name: string; description: string; contact: { phone: string; email: string; }; location: { address: string; lat: number; lng: number; }; ... 4 more ...; rooms: { ...; }[]; }'.
